/home/mae2183/miniconda3/envs/cryodrgn/bin/cryodrgn train_vae results_cryodrgn/J264_real/inputs/particles.256.mrcs --poses results_cryodrgn/J264_real/inputs/poses.pkl --ctf results_cryodrgn/J264_real/inputs/ctf.pkl --ind results_cryodrgn/J264_real/inputs/ind_keep.pkl --zdim 10 -n 100 --enc-dim 1024 --enc-layers 3 --dec-dim 1024 --dec-layers 3 --no-amp -o results_cryodrgn/J264_real/train_final
cryoDRGN 4.3.0
Namespace(particles='/home/mae2183/cryoem-classification/results_cryodrgn/J264_real/inputs/particles.256.mrcs', outdir='/home/mae2183/cryoem-classification/results_cryodrgn/J264_real/train_final', zdim=10, poses='/home/mae2183/cryoem-classification/results_cryodrgn/J264_real/inputs/poses.pkl', ctf='/home/mae2183/cryoem-classification/results_cryodrgn/J264_real/inputs/ctf.pkl', load=None, do_analysis=True, checkpoint=1, log_interval=1000, verbose=False, seed=76314, shuffle_seed=None, ind='/home/mae2183/cryoem-classification/results_cryodrgn/J264_real/inputs/ind_keep.pkl', invert_data=True, window=True, window_r=0.85, datadir=None, lazy=False, shuffler_size=0, num_workers=None, max_threads=16, ntilts=10, random_tilts=False, t_emb_dim=64, tlayers=3, tdim=1024, dose_per_tilt=None, angle_per_tilt=3, num_epochs=100, batch_size=16, wd=0, lr=0.0001, beta=None, beta_control=None, norm=None, amp=False, multigpu=False, do_pose_sgd=False, pretrain=1, emb_type='quat', pose_lr=0.0003, qlayers=3, qdim=1024, encode_mode='resid', enc_mask=None, use_real=False, players=3, pdim=1024, pe_type='gaussian', feat_sigma=0.5, pe_dim=None, domain='fourier', activation='relu', func=<function main at 0x79dd8cf7a8c0>)
Use cuda True
Filtering image dataset with /home/mae2183/cryoem-classification/results_cryodrgn/J264_real/inputs/ind_keep.pkl
Loading dataset from /home/mae2183/cryoem-classification/results_cryodrgn/J264_real/inputs/particles.256.mrcs
Loading ctf params from /home/mae2183/cryoem-classification/results_cryodrgn/J264_real/inputs/ctf.pkl
HetOnlyVAE(
  (encoder): ResidLinearMLP(
    (main): Sequential(
      (0): MyLinear(in_features=51432, out_features=1024, bias=True)
      (1): ReLU()
      (2): ResidLinear(
        (linear): MyLinear(in_features=1024, out_features=1024, bias=True)
      )
      (3): ReLU()
      (4): ResidLinear(
        (linear): MyLinear(in_features=1024, out_features=1024, bias=True)
      )
      (5): ReLU()
      (6): ResidLinear(
        (linear): MyLinear(in_features=1024, out_features=1024, bias=True)
      )
      (7): ReLU()
      (8): MyLinear(in_features=1024, out_features=20, bias=True)
    )
  )
  (decoder): FTPositionalDecoder(
    (decoder): ResidLinearMLP(
      (main): Sequential(
        (0): MyLinear(in_features=778, out_features=1024, bias=True)
        (1): ReLU()
        (2): ResidLinear(
          (linear): MyLinear(in_features=1024, out_features=1024, bias=True)
        )
        (3): ReLU()
        (4): ResidLinear(
          (linear): MyLinear(in_features=1024, out_features=1024, bias=True)
        )
        (5): ReLU()
        (6): ResidLinear(
          (linear): MyLinear(in_features=1024, out_features=1024, bias=True)
        )
        (7): ReLU()
        (8): MyLinear(in_features=1024, out_features=2, bias=True)
      )
    )
  )
)
59785238 parameters in model
55836692 parameters in encoder
3948546 parameters in decoder
Using 0 workers for data loading
# [Train Epoch: 1/100] [1008/220643 particles] gen loss=0.507124, kld=3.684412, beta=0.100000, loss=0.507131
# [Train Epoch: 1/100] [2000/220643 particles] gen loss=0.500625, kld=6.486412, beta=0.100000, loss=0.500638
# [Train Epoch: 1/100] [3008/220643 particles] gen loss=0.495449, kld=9.435683, beta=0.100000, loss=0.495467
# [Train Epoch: 1/100] [4000/220643 particles] gen loss=0.504349, kld=11.040923, beta=0.100000, loss=0.504371
# [Train Epoch: 1/100] [5008/220643 particles] gen loss=0.508244, kld=11.968700, beta=0.100000, loss=0.508267
# [Train Epoch: 1/100] [6000/220643 particles] gen loss=0.490227, kld=12.055633, beta=0.100000, loss=0.490250
# [Train Epoch: 1/100] [7008/220643 particles] gen loss=0.491729, kld=11.974311, beta=0.100000, loss=0.491752
# [Train Epoch: 1/100] [8000/220643 particles] gen loss=0.508463, kld=12.451231, beta=0.100000, loss=0.508487
# [Train Epoch: 1/100] [9008/220643 particles] gen loss=0.490465, kld=11.858160, beta=0.100000, loss=0.490488
# [Train Epoch: 1/100] [10000/220643 particles] gen loss=0.500759, kld=10.804561, beta=0.100000, loss=0.500780
# [Train Epoch: 1/100] [11008/220643 particles] gen loss=0.500724, kld=10.953489, beta=0.100000, loss=0.500745
# [Train Epoch: 1/100] [12000/220643 particles] gen loss=0.501932, kld=9.993301, beta=0.100000, loss=0.501952
# [Train Epoch: 1/100] [13008/220643 particles] gen loss=0.494557, kld=9.828650, beta=0.100000, loss=0.494576
# [Train Epoch: 1/100] [14000/220643 particles] gen loss=0.493297, kld=9.626012, beta=0.100000, loss=0.493315
# [Train Epoch: 1/100] [15008/220643 particles] gen loss=0.494428, kld=8.881836, beta=0.100000, loss=0.494446
# [Train Epoch: 1/100] [16000/220643 particles] gen loss=0.488928, kld=9.213308, beta=0.100000, loss=0.488946
# [Train Epoch: 1/100] [17008/220643 particles] gen loss=0.492761, kld=8.408922, beta=0.100000, loss=0.492778
# [Train Epoch: 1/100] [18000/220643 particles] gen loss=0.502710, kld=8.978722, beta=0.100000, loss=0.502727
# [Train Epoch: 1/100] [19008/220643 particles] gen loss=0.512975, kld=7.734762, beta=0.100000, loss=0.512990
# [Train Epoch: 1/100] [20000/220643 particles] gen loss=0.506474, kld=8.208206, beta=0.100000, loss=0.506490
# [Train Epoch: 1/100] [21008/220643 particles] gen loss=0.498114, kld=8.222311, beta=0.100000, loss=0.498130
# [Train Epoch: 1/100] [22000/220643 particles] gen loss=0.500156, kld=7.931313, beta=0.100000, loss=0.500171
# [Train Epoch: 1/100] [23008/220643 particles] gen loss=0.503372, kld=7.855155, beta=0.100000, loss=0.503387
# [Train Epoch: 1/100] [24000/220643 particles] gen loss=0.496603, kld=6.816866, beta=0.100000, loss=0.496616
# [Train Epoch: 1/100] [25008/220643 particles] gen loss=0.496645, kld=6.872422, beta=0.100000, loss=0.496659
# [Train Epoch: 1/100] [26000/220643 particles] gen loss=0.489233, kld=6.900281, beta=0.100000, loss=0.489246
# [Train Epoch: 1/100] [27008/220643 particles] gen loss=0.497156, kld=6.710340, beta=0.100000, loss=0.497169
# [Train Epoch: 1/100] [28000/220643 particles] gen loss=0.488687, kld=6.972903, beta=0.100000, loss=0.488701
# [Train Epoch: 1/100] [29008/220643 particles] gen loss=0.504814, kld=6.297279, beta=0.100000, loss=0.504826
# [Train Epoch: 1/100] [30000/220643 particles] gen loss=0.507335, kld=6.337003, beta=0.100000, loss=0.507347
# [Train Epoch: 1/100] [31008/220643 particles] gen loss=0.501642, kld=5.767769, beta=0.100000, loss=0.501653
# [Train Epoch: 1/100] [32000/220643 particles] gen loss=0.492257, kld=5.361067, beta=0.100000, loss=0.492267
# [Train Epoch: 1/100] [33008/220643 particles] gen loss=0.510037, kld=5.121026, beta=0.100000, loss=0.510047
# [Train Epoch: 1/100] [34000/220643 particles] gen loss=0.497647, kld=5.058205, beta=0.100000, loss=0.497657
# [Train Epoch: 1/100] [35008/220643 particles] gen loss=0.501226, kld=5.252254, beta=0.100000, loss=0.501236
# [Train Epoch: 1/100] [36000/220643 particles] gen loss=0.497945, kld=4.260520, beta=0.100000, loss=0.497953
# [Train Epoch: 1/100] [37008/220643 particles] gen loss=0.503702, kld=4.662615, beta=0.100000, loss=0.503711
# [Train Epoch: 1/100] [38000/220643 particles] gen loss=0.499473, kld=4.602888, beta=0.100000, loss=0.499482
# [Train Epoch: 1/100] [39008/220643 particles] gen loss=0.493247, kld=4.438190, beta=0.100000, loss=0.493256
/home/mae2183/miniconda3/envs/cryodrgn/bin/cryodrgn train_vae results_cryodrgn/J264_real/inputs/particles.256.mrcs --poses poses.pkl --ctf ctf.pkl --ind ind_keep.pkl --zdim 10 -n 100 --enc-dim 1024 --enc-layers 3 --dec-dim 1024 --dec-layers 3 --no-amp --num-workers 8 --batch-size 24 --checkpoint 5 --log-interval 5000 --load results_cryodrgn/J264_real/train_final/weights..pkl -o results_cryodrgn/J264_real/train_final
cryoDRGN 4.3.0
Namespace(particles='/home/mae2183/cryoem-classification/results_cryodrgn/J264_real/inputs/particles.256.mrcs', outdir='/home/mae2183/cryoem-classification/results_cryodrgn/J264_real/train_final', zdim=10, poses='/home/mae2183/cryoem-classification/poses.pkl', ctf='/home/mae2183/cryoem-classification/ctf.pkl', load='results_cryodrgn/J264_real/train_final/weights..pkl', do_analysis=True, checkpoint=5, log_interval=5000, verbose=False, seed=37428, shuffle_seed=None, ind='/home/mae2183/cryoem-classification/ind_keep.pkl', invert_data=True, window=True, window_r=0.85, datadir=None, lazy=False, shuffler_size=0, num_workers=8, max_threads=16, ntilts=10, random_tilts=False, t_emb_dim=64, tlayers=3, tdim=1024, dose_per_tilt=None, angle_per_tilt=3, num_epochs=100, batch_size=24, wd=0, lr=0.0001, beta=None, beta_control=None, norm=None, amp=False, multigpu=False, do_pose_sgd=False, pretrain=1, emb_type='quat', pose_lr=0.0003, qlayers=3, qdim=1024, encode_mode='resid', enc_mask=None, use_real=False, players=3, pdim=1024, pe_type='gaussian', feat_sigma=0.5, pe_dim=None, domain='fourier', activation='relu', func=<function main at 0x7478f57fe8c0>)
Use cuda True
Filtering image dataset with /home/mae2183/cryoem-classification/ind_keep.pkl
/home/mae2183/miniconda3/envs/cryodrgn/bin/cryodrgn train_vae results_cryodrgn/J264_real/inputs/particles.256.mrcs --poses results_cryodrgn/J264_real/inputs/poses.pkl --ctf results_cryodrgn/J264_real/inputs/ctf.pkl --ind results_cryodrgn/J264_real/inputs/ind_keep.pkl --zdim 10 -n 100 --enc-dim 1024 --enc-layers 3 --dec-dim 1024 --dec-layers 3 --no-amp --num-workers 16 --batch-size 32 --checkpoint 5 --log-interval 5000 -o results_cryodrgn/J264_real/train_final
cryoDRGN 4.3.0
Namespace(particles='/home/mae2183/cryoem-classification/results_cryodrgn/J264_real/inputs/particles.256.mrcs', outdir='/home/mae2183/cryoem-classification/results_cryodrgn/J264_real/train_final', zdim=10, poses='/home/mae2183/cryoem-classification/results_cryodrgn/J264_real/inputs/poses.pkl', ctf='/home/mae2183/cryoem-classification/results_cryodrgn/J264_real/inputs/ctf.pkl', load=None, do_analysis=True, checkpoint=5, log_interval=5000, verbose=False, seed=16065, shuffle_seed=None, ind='/home/mae2183/cryoem-classification/results_cryodrgn/J264_real/inputs/ind_keep.pkl', invert_data=True, window=True, window_r=0.85, datadir=None, lazy=False, shuffler_size=0, num_workers=16, max_threads=16, ntilts=10, random_tilts=False, t_emb_dim=64, tlayers=3, tdim=1024, dose_per_tilt=None, angle_per_tilt=3, num_epochs=100, batch_size=32, wd=0, lr=0.0001, beta=None, beta_control=None, norm=None, amp=False, multigpu=False, do_pose_sgd=False, pretrain=1, emb_type='quat', pose_lr=0.0003, qlayers=3, qdim=1024, encode_mode='resid', enc_mask=None, use_real=False, players=3, pdim=1024, pe_type='gaussian', feat_sigma=0.5, pe_dim=None, domain='fourier', activation='relu', func=<function main at 0x7c5797a168c0>)
Use cuda True
Filtering image dataset with /home/mae2183/cryoem-classification/results_cryodrgn/J264_real/inputs/ind_keep.pkl
Loading dataset from /home/mae2183/cryoem-classification/results_cryodrgn/J264_real/inputs/particles.256.mrcs
Loading ctf params from /home/mae2183/cryoem-classification/results_cryodrgn/J264_real/inputs/ctf.pkl
HetOnlyVAE(
  (encoder): ResidLinearMLP(
    (main): Sequential(
      (0): MyLinear(in_features=51432, out_features=1024, bias=True)
      (1): ReLU()
      (2): ResidLinear(
        (linear): MyLinear(in_features=1024, out_features=1024, bias=True)
      )
      (3): ReLU()
      (4): ResidLinear(
        (linear): MyLinear(in_features=1024, out_features=1024, bias=True)
      )
      (5): ReLU()
      (6): ResidLinear(
        (linear): MyLinear(in_features=1024, out_features=1024, bias=True)
      )
      (7): ReLU()
      (8): MyLinear(in_features=1024, out_features=20, bias=True)
    )
  )
  (decoder): FTPositionalDecoder(
    (decoder): ResidLinearMLP(
      (main): Sequential(
        (0): MyLinear(in_features=778, out_features=1024, bias=True)
        (1): ReLU()
        (2): ResidLinear(
          (linear): MyLinear(in_features=1024, out_features=1024, bias=True)
        )
        (3): ReLU()
        (4): ResidLinear(
          (linear): MyLinear(in_features=1024, out_features=1024, bias=True)
        )
        (5): ReLU()
        (6): ResidLinear(
          (linear): MyLinear(in_features=1024, out_features=1024, bias=True)
        )
        (7): ReLU()
        (8): MyLinear(in_features=1024, out_features=2, bias=True)
      )
    )
  )
)
59785238 parameters in model
55836692 parameters in encoder
3948546 parameters in decoder
Using 16 workers for data loading
