nohup: ignoring input
(INFO) (train_vae.py) (06-Jul-2026 12:48:48) /home/mae2183/miniconda3/envs/cryodrgn/bin/cryodrgn train_vae results_cryodrgn/J1442_real/inputs/particles.256.mrcs --poses results_cryodrgn/J1442_real/inputs/poses.pkl --ctf results_cryodrgn/J1442_real/inputs/ctf.pkl --ind results_cryodrgn/J1442_real/inputs/ind_keep.pkl --zdim 10 --enc-dim 1024 --enc-layers 3 --dec-dim 1024 --dec-layers 3 --no-amp --load results_cryodrgn/J1442_real/train_final/weights.5.pkl -n 50 --lazy --num-workers 4 --batch-size 64 --checkpoint 5 --log-interval 5000 -o results_cryodrgn/J1442_real/train_final
(INFO) (train_vae.py) (06-Jul-2026 12:48:48) cryoDRGN 4.3.0
(INFO) (train_vae.py) (06-Jul-2026 12:48:48) Namespace(particles='/home/mae2183/cryoem-classification/results_cryodrgn/J1442_real/inputs/particles.256.mrcs', outdir='/home/mae2183/cryoem-classification/results_cryodrgn/J1442_real/train_final', zdim=10, poses='/home/mae2183/cryoem-classification/results_cryodrgn/J1442_real/inputs/poses.pkl', ctf='/home/mae2183/cryoem-classification/results_cryodrgn/J1442_real/inputs/ctf.pkl', load='results_cryodrgn/J1442_real/train_final/weights.5.pkl', do_analysis=True, checkpoint=5, log_interval=5000, verbose=False, seed=81582, shuffle_seed=None, ind='/home/mae2183/cryoem-classification/results_cryodrgn/J1442_real/inputs/ind_keep.pkl', invert_data=True, window=True, window_r=0.85, datadir=None, lazy=True, shuffler_size=0, num_workers=4, max_threads=16, ntilts=10, random_tilts=False, t_emb_dim=64, tlayers=3, tdim=1024, dose_per_tilt=None, angle_per_tilt=3, num_epochs=50, batch_size=64, wd=0, lr=0.0001, beta=None, beta_control=None, norm=None, amp=False, multigpu=False, do_pose_sgd=False, pretrain=1, emb_type='quat', pose_lr=0.0003, qlayers=3, qdim=1024, encode_mode='resid', enc_mask=None, use_real=False, players=3, pdim=1024, pe_type='gaussian', feat_sigma=0.5, pe_dim=None, domain='fourier', activation='relu', func=<function main at 0x7b5b9fff68c0>)
(INFO) (train_vae.py) (06-Jul-2026 12:48:48) Use cuda True
(INFO) (train_vae.py) (06-Jul-2026 12:48:48) Filtering image dataset with /home/mae2183/cryoem-classification/results_cryodrgn/J1442_real/inputs/ind_keep.pkl
(INFO) (train_vae.py) (06-Jul-2026 12:48:48) Loading dataset from /home/mae2183/cryoem-classification/results_cryodrgn/J1442_real/inputs/particles.256.mrcs
(INFO) (dataset.py) (06-Jul-2026 12:48:50) Normalizing HT by 0 +/- 103.7168960571289
(INFO) (dataset.py) (06-Jul-2026 12:48:50) Normalized real space images by 5.904786667088047e-05 +/- 0.40380406379699707
(INFO) (train_vae.py) (06-Jul-2026 12:48:50) Loading ctf params from /home/mae2183/cryoem-classification/results_cryodrgn/J1442_real/inputs/ctf.pkl
(INFO) (ctf.py) (06-Jul-2026 12:48:50) Image size (pix)  : 256
(INFO) (ctf.py) (06-Jul-2026 12:48:50) A/pix             : 1.037500023841858
(INFO) (ctf.py) (06-Jul-2026 12:48:50) DefocusU (A)      : 15058.4287109375
(INFO) (ctf.py) (06-Jul-2026 12:48:50) DefocusV (A)      : 14862.46875
(INFO) (ctf.py) (06-Jul-2026 12:48:50) Dfang (deg)       : -10.690818786621094
(INFO) (ctf.py) (06-Jul-2026 12:48:50) voltage (kV)      : 300.0
(INFO) (ctf.py) (06-Jul-2026 12:48:50) cs (mm)           : 2.700000047683716
(INFO) (ctf.py) (06-Jul-2026 12:48:50) w                 : 0.10000000149011612
(INFO) (ctf.py) (06-Jul-2026 12:48:50) Phase shift (deg) : 0.0
(INFO) (train_vae.py) (06-Jul-2026 12:48:51) HetOnlyVAE(
  (encoder): ResidLinearMLP(
    (main): Sequential(
      (0): MyLinear(in_features=51432, out_features=1024, bias=True)
      (1): ReLU()
      (2): ResidLinear(
        (linear): MyLinear(in_features=1024, out_features=1024, bias=True)
      )
      (3): ReLU()
      (4): ResidLinear(
        (linear): MyLinear(in_features=1024, out_features=1024, bias=True)
      )
      (5): ReLU()
      (6): ResidLinear(
        (linear): MyLinear(in_features=1024, out_features=1024, bias=True)
      )
      (7): ReLU()
      (8): MyLinear(in_features=1024, out_features=20, bias=True)
    )
  )
  (decoder): FTPositionalDecoder(
    (decoder): ResidLinearMLP(
      (main): Sequential(
        (0): MyLinear(in_features=778, out_features=1024, bias=True)
        (1): ReLU()
        (2): ResidLinear(
          (linear): MyLinear(in_features=1024, out_features=1024, bias=True)
        )
        (3): ReLU()
        (4): ResidLinear(
          (linear): MyLinear(in_features=1024, out_features=1024, bias=True)
        )
        (5): ReLU()
        (6): ResidLinear(
          (linear): MyLinear(in_features=1024, out_features=1024, bias=True)
        )
        (7): ReLU()
        (8): MyLinear(in_features=1024, out_features=2, bias=True)
      )
    )
  )
)
(INFO) (train_vae.py) (06-Jul-2026 12:48:51) 59785238 parameters in model
(INFO) (train_vae.py) (06-Jul-2026 12:48:51) 55836692 parameters in encoder
(INFO) (train_vae.py) (06-Jul-2026 12:48:51) 3948546 parameters in decoder
(WARNING) (utils.py) (06-Jul-2026 12:48:51) Warning: /home/mae2183/cryoem-classification/results_cryodrgn/J1442_real/train_final/config.yaml already exists. Overwriting.
(INFO) (train_vae.py) (06-Jul-2026 12:48:51) Loading checkpoint from results_cryodrgn/J1442_real/train_final/weights.5.pkl
(INFO) (train_vae.py) (06-Jul-2026 12:48:52) Using 4 workers for data loading
[W706 12:48:57.562690159 CudaIPCTypes.cpp:16] Producer process has been terminated before all shared CUDA tensors released. See Note [Sharing CUDA tensors]
[W706 12:48:57.600340498 CudaIPCTypes.cpp:16] Producer process has been terminated before all shared CUDA tensors released. See Note [Sharing CUDA tensors]
[W706 12:48:57.608737056 CudaIPCTypes.cpp:16] Producer process has been terminated before all shared CUDA tensors released. See Note [Sharing CUDA tensors]
[W706 12:48:57.615174892 CudaIPCTypes.cpp:16] Producer process has been terminated before all shared CUDA tensors released. See Note [Sharing CUDA tensors]
Traceback (most recent call last):
  File "/home/mae2183/miniconda3/envs/cryodrgn/bin/cryodrgn", line 6, in <module>
    sys.exit(main_commands())
  File "/home/mae2183/miniconda3/envs/cryodrgn/lib/python3.10/site-packages/cryodrgn/command_line.py", line 81, in main_commands
    _get_commands(
  File "/home/mae2183/miniconda3/envs/cryodrgn/lib/python3.10/site-packages/cryodrgn/command_line.py", line 76, in _get_commands
    args.func(args)
  File "/home/mae2183/miniconda3/envs/cryodrgn/lib/python3.10/site-packages/cryodrgn/commands/train_vae.py", line 947, in main
    loss, gen_loss, kld = train_batch(
  File "/home/mae2183/miniconda3/envs/cryodrgn/lib/python3.10/site-packages/cryodrgn/commands/train_vae.py", line 394, in train_batch
    z_mu, z_logvar, z, y_recon, mask = run_batch(
  File "/home/mae2183/miniconda3/envs/cryodrgn/lib/python3.10/site-packages/cryodrgn/commands/train_vae.py", line 455, in run_batch
    y_recon = model(lattice.coords[mask] / lattice.extent / 2 @ rot, z).view(B, -1)
  File "/home/mae2183/miniconda3/envs/cryodrgn/lib/python3.10/site-packages/torch/nn/modules/module.py", line 1775, in _wrapped_call_impl
    return self._call_impl(*args, **kwargs)
  File "/home/mae2183/miniconda3/envs/cryodrgn/lib/python3.10/site-packages/torch/nn/modules/module.py", line 1786, in _call_impl
    return forward_call(*args, **kwargs)
  File "/home/mae2183/miniconda3/envs/cryodrgn/lib/python3.10/site-packages/cryodrgn/models.py", line 177, in forward
    return self.decode(*args, **kwargs)
  File "/home/mae2183/miniconda3/envs/cryodrgn/lib/python3.10/site-packages/cryodrgn/models.py", line 172, in decode
    retval = decoder(self.cat_z(coords, z) if z is not None else coords)
  File "/home/mae2183/miniconda3/envs/cryodrgn/lib/python3.10/site-packages/torch/nn/modules/module.py", line 1775, in _wrapped_call_impl
    return self._call_impl(*args, **kwargs)
  File "/home/mae2183/miniconda3/envs/cryodrgn/lib/python3.10/site-packages/torch/nn/modules/module.py", line 1786, in _call_impl
    return forward_call(*args, **kwargs)
  File "/home/mae2183/miniconda3/envs/cryodrgn/lib/python3.10/site-packages/cryodrgn/models.py", line 546, in forward
    top_half = self.decode(lattice[..., 0:cc, :])
  File "/home/mae2183/miniconda3/envs/cryodrgn/lib/python3.10/site-packages/cryodrgn/models.py", line 562, in decode
    result = self.decoder(self.positional_encoding_geom(new_lattice))
  File "/home/mae2183/miniconda3/envs/cryodrgn/lib/python3.10/site-packages/torch/nn/modules/module.py", line 1775, in _wrapped_call_impl
    return self._call_impl(*args, **kwargs)
  File "/home/mae2183/miniconda3/envs/cryodrgn/lib/python3.10/site-packages/torch/nn/modules/module.py", line 1786, in _call_impl
    return forward_call(*args, **kwargs)
  File "/home/mae2183/miniconda3/envs/cryodrgn/lib/python3.10/site-packages/cryodrgn/models.py", line 1016, in forward
    ret_flat = self.main(flat)
  File "/home/mae2183/miniconda3/envs/cryodrgn/lib/python3.10/site-packages/torch/nn/modules/module.py", line 1775, in _wrapped_call_impl
    return self._call_impl(*args, **kwargs)
  File "/home/mae2183/miniconda3/envs/cryodrgn/lib/python3.10/site-packages/torch/nn/modules/module.py", line 1786, in _call_impl
    return forward_call(*args, **kwargs)
  File "/home/mae2183/miniconda3/envs/cryodrgn/lib/python3.10/site-packages/torch/nn/modules/container.py", line 250, in forward
    input = module(input)
  File "/home/mae2183/miniconda3/envs/cryodrgn/lib/python3.10/site-packages/torch/nn/modules/module.py", line 1775, in _wrapped_call_impl
    return self._call_impl(*args, **kwargs)
  File "/home/mae2183/miniconda3/envs/cryodrgn/lib/python3.10/site-packages/torch/nn/modules/module.py", line 1786, in _call_impl
    return forward_call(*args, **kwargs)
  File "/home/mae2183/miniconda3/envs/cryodrgn/lib/python3.10/site-packages/cryodrgn/models.py", line 1091, in forward
    z = self.linear(x) + x
torch.OutOfMemoryError: CUDA out of memory. Tried to allocate 6.28 GiB. GPU 0 has a total capacity of 94.97 GiB of which 2.46 GiB is free. Process 3747808 has 57.08 GiB memory in use. Process 3766030 has 860.00 MiB memory in use. Process 3766159 has 860.00 MiB memory in use. Process 3766290 has 860.00 MiB memory in use. Process 3766422 has 860.00 MiB memory in use. Including non-PyTorch memory, this process has 28.70 GiB memory in use. Process 3803950 has 860.00 MiB memory in use. Process 3804079 has 828.00 MiB memory in use. Process 3804210 has 828.00 MiB memory in use. Process 3804343 has 828.00 MiB memory in use. Of the allocated memory 27.24 GiB is allocated by PyTorch, and 838.32 MiB is reserved by PyTorch but unallocated. If reserved but unallocated memory is large try setting PYTORCH_CUDA_ALLOC_CONF=expandable_segments:True to avoid fragmentation.  See documentation for Memory Management  (https://pytorch.org/docs/stable/notes/cuda.html#environment-variables)
[W706 12:48:58.047269211 CudaIPCTypes.cpp:16] Producer process has been terminated before all shared CUDA tensors released. See Note [Sharing CUDA tensors]
